---
source: crates/convd/tests/subscription_test.rs
expression: url_result.data.unwrap()
---
{
  "raw_url": {
    "type": "Raw",
    "server": "http://mock_host_port/subscription?token=bppleman&flag=surge",
    "desc": "订阅商原始订阅配置",
    "path": null,
    "query": null
  },
  "raw_profile_url": {
    "type": "RawProfile",
    "server": "http://127.0.0.1/",
    "desc": "转换前订阅配置",
    "path": "/raw-profile/surge",
    "query": "interval=43200&strict=true&sub_url=http://mock_host_port/subscription?token=bppleman"
  },
  "profile_url": {
    "type": "Profile",
    "server": "http://127.0.0.1/",
    "desc": "转换后订阅配置",
    "path": "/profile/surge",
    "query": "interval=43200&strict=true&sub_url=http://mock_host_port/subscription?token=bppleman"
  },
  "rule_providers_url": [
    {
      "type": {
        "RuleProvider": {
          "name": "DIRECT",
          "option": null,
          "is_subscription": true
        }
      },
      "server": "http://127.0.0.1/",
      "desc": "规则集: [Subscription]",
      "path": "/rule-provider/surge",
      "query": "interval=43200&policy[name]=DIRECT&policy[is_subscription]=true&sub_url=http://mock_host_port/subscription?token=bppleman"
    },
    {
      "type": {
        "RuleProvider": {
          "name": "BosLife",
          "option": null,
          "is_subscription": false
        }
      },
      "server": "http://127.0.0.1/",
      "desc": "规则集: [BosLife]",
      "path": "/rule-provider/surge",
      "query": "interval=43200&policy[name]=BosLife&policy[is_subscription]=false&sub_url=http://mock_host_port/subscription?token=bppleman"
    },
    {
      "type": {
        "RuleProvider": {
          "name": "BosLife",
          "option": "no-resolve",
          "is_subscription": false
        }
      },
      "server": "http://127.0.0.1/",
      "desc": "规则集: [BosLife: no-resolve]",
      "path": "/rule-provider/surge",
      "query": "interval=43200&policy[name]=BosLife&policy[option]=no-resolve&policy[is_subscription]=false&sub_url=http://mock_host_port/subscription?token=bppleman"
    },
    {
      "type": {
        "RuleProvider": {
          "name": "BosLife",
          "option": "force-remote-dns",
          "is_subscription": false
        }
      },
      "server": "http://127.0.0.1/",
      "desc": "规则集: [BosLife: force-remote-dns]",
      "path": "/rule-provider/surge",
      "query": "interval=43200&policy[name]=BosLife&policy[option]=force-remote-dns&policy[is_subscription]=false&sub_url=http://mock_host_port/subscription?token=bppleman"
    },
    {
      "type": {
        "RuleProvider": {
          "name": "DIRECT",
          "option": null,
          "is_subscription": false
        }
      },
      "server": "http://127.0.0.1/",
      "desc": "规则集: [DIRECT]",
      "path": "/rule-provider/surge",
      "query": "interval=43200&policy[name]=DIRECT&policy[is_subscription]=false&sub_url=http://mock_host_port/subscription?token=bppleman"
    },
    {
      "type": {
        "RuleProvider": {
          "name": "DIRECT",
          "option": "no-resolve",
          "is_subscription": false
        }
      },
      "server": "http://127.0.0.1/",
      "desc": "规则集: [DIRECT: no-resolve]",
      "path": "/rule-provider/surge",
      "query": "interval=43200&policy[name]=DIRECT&policy[option]=no-resolve&policy[is_subscription]=false&sub_url=http://mock_host_port/subscription?token=bppleman"
    },
    {
      "type": {
        "RuleProvider": {
          "name": "DIRECT",
          "option": "force-remote-dns",
          "is_subscription": false
        }
      },
      "server": "http://127.0.0.1/",
      "desc": "规则集: [DIRECT: force-remote-dns]",
      "path": "/rule-provider/surge",
      "query": "interval=43200&policy[name]=DIRECT&policy[option]=force-remote-dns&policy[is_subscription]=false&sub_url=http://mock_host_port/subscription?token=bppleman"
    }
  ]
}
