---
source: tests/server/rule_provider_test.rs
expression: actual
---
// Process Name
PROCESS-NAME,Backup and Sync

// User Agent
USER-AGENT,%E7%BA%BD%E7%BA%A6%E6%97%B6%E6%8A%A5*
USER-AGENT,Argo*

// BosLife
DOMAIN-SUFFIX,boslife.io
DOMAIN-SUFFIX,boslife.net
DOMAIN-SUFFIX,wikibos.com
DOMAIN-SUFFIX,boswiki.net
